// Jest Snapshot v1, https://goo.gl/fbAQLP

exports[`<Board />  Component test renders empty Board component 1`] = `
<div
  className="gameWrapper"
>
  Game Board
  <ul
    className="BoardWrapper"
  >
    <BoardItem
      index={0}
      onClick={[Function]}
    />
    <BoardItem
      index={1}
      onClick={[Function]}
    />
    <BoardItem
      index={2}
      onClick={[Function]}
    />
    <BoardItem
      index={3}
      onClick={[Function]}
    />
    <BoardItem
      index={4}
      onClick={[Function]}
    />
    <BoardItem
      index={5}
      onClick={[Function]}
    />
    <BoardItem
      index={6}
      onClick={[Function]}
    />
    <BoardItem
      index={7}
      onClick={[Function]}
    />
    <BoardItem
      index={8}
      onClick={[Function]}
    />
  </ul>
</div>
`;
